Copyright 1986-2018 Xilinx, Inc. All Rights Reserved.
---------------------------------------------------------------------------------------------
| Tool Version : Vivado v.2018.2 (win64) Build 2258646 Thu Jun 14 20:03:12 MDT 2018
| Date         : Wed Jun  9 12:46:41 2021
| Host         : LAPTOP-RK0H8TS5 running 64-bit major release  (build 9200)
| Command      : report_control_sets -verbose -file top_level_module_control_sets_placed.rpt
| Design       : top_level_module
| Device       : xc7a75t
---------------------------------------------------------------------------------------------

Control Set Information

Table of Contents
-----------------
1. Summary
2. Histogram
3. Flip-Flop Distribution
4. Detailed Control Set Information

1. Summary
----------

+----------------------------------------------------------+-------+
|                          Status                          | Count |
+----------------------------------------------------------+-------+
| Number of unique control sets                            |    91 |
| Unused register locations in slices containing registers |   180 |
+----------------------------------------------------------+-------+


2. Histogram
------------

+--------+--------------+
| Fanout | Control Sets |
+--------+--------------+
|      2 |            3 |
|      4 |           13 |
|      6 |            3 |
|      8 |           11 |
|     10 |            2 |
|     12 |            6 |
|     14 |            2 |
|    16+ |           51 |
+--------+--------------+


3. Flip-Flop Distribution
-------------------------

+--------------+-----------------------+------------------------+-----------------+--------------+
| Clock Enable | Synchronous Set/Reset | Asynchronous Set/Reset | Total Registers | Total Slices |
+--------------+-----------------------+------------------------+-----------------+--------------+
| No           | No                    | No                     |            1376 |          216 |
| No           | No                    | Yes                    |             398 |           87 |
| No           | Yes                   | No                     |             370 |           68 |
| Yes          | No                    | No                     |             776 |          154 |
| Yes          | No                    | Yes                    |             512 |           79 |
| Yes          | Yes                   | No                     |             676 |           85 |
+--------------+-----------------------+------------------------+-----------------+--------------+


4. Detailed Control Set Information
-----------------------------------

+------------------------------------------------+-------------------------------------------------------------------------------------------------+------------------------------------------------------------------------------------------------------------------------------------------+------------------+----------------+
|                  Clock Signal                  |                                          Enable Signal                                          |                                                             Set/Reset Signal                                                             | Slice Load Count | Bel Load Count |
+------------------------------------------------+-------------------------------------------------------------------------------------------------+------------------------------------------------------------------------------------------------------------------------------------------+------------------+----------------+
| ~clk_sys_BUFG                                  |                                                                                                 |                                                                                                                                          |                1 |              2 |
|  clk_sys_BUFG                                  |                                                                                                 | top/FIFO/U0/inst_fifo_gen/gconvfifo.rf/grf.rf/rstblk/syncstages_ff_reg[0]                                                                |                1 |              2 |
|  clk_sys_BUFG                                  | top/i_spi_top_0/shift/s_out_i_1__0_n_0                                                          | top/o_wb_cyc10_out                                                                                                                       |                1 |              2 |
|  okHI/iob_regs[31].regin0_0[0]                 |                                                                                                 | trigIn40/ep_trigger[2]                                                                                                                   |                1 |              4 |
|  okHI/iob_regs[31].regin0_0[0]                 |                                                                                                 | okHI/core0/core0/a0/l62a5479e7989ce7f4d5507c695cc69cf                                                                                    |                1 |              4 |
|  clk_sys_BUFG                                  |                                                                                                 | wi2/ep_dataout[0]                                                                                                                        |                1 |              4 |
|  okHI/iob_regs[31].regin0_0[0]                 |                                                                                                 | okHI/core0/core0/a0/cb0/U0/DEVICE_7SERIES.NO_BMM_INFO.SDP.WIDE_PRIM18.ram_i_3_n_0                                                        |                1 |              4 |
|  okHI/iob_regs[31].regin0_0[0]                 |                                                                                                 | okHI/core0/core0/a0/cb0/U0/inst_fifo_gen/gconvfifo.rf/grf.rf/rstblk/rst_d2                                                               |                1 |              4 |
|  clk_sys_BUFG                                  |                                                                                                 | wi2/ep_dataout[1]                                                                                                                        |                1 |              4 |
|  clk_sys_BUFG                                  |                                                                                                 | trigIn40/ep_trigger[4]                                                                                                                   |                1 |              4 |
|  clk_sys_BUFG                                  |                                                                                                 | adc7961_1_fifo/U0/inst_fifo_gen/gconvfifo.rf/grf.rf/rstblk/syncstages_ff_reg[0]                                                          |                1 |              4 |
|  clk_sys_BUFG                                  |                                                                                                 | trigIn40/ep_trigger[5]                                                                                                                   |                1 |              4 |
|  okHI/iob_regs[31].regin0_0[0]                 |                                                                                                 | adc7961_1_fifo/U0/inst_fifo_gen/gconvfifo.rf/grf.rf/rstblk/rd_rst_busy                                                                   |                1 |              4 |
|  okHI/iob_regs[31].regin0_0[0]                 |                                                                                                 | adc7961_0_fifo/U0/inst_fifo_gen/gconvfifo.rf/grf.rf/rstblk/rd_rst_busy                                                                   |                1 |              4 |
|  clk_sys_BUFG                                  |                                                                                                 | top/sys_rst                                                                                                                              |                1 |              4 |
|  okHI/iob_regs[31].regin0_0[0]                 | okHI/core0/core0/a0/pc0/flag_enable                                                             | okHI/core0/core0/a0/pc0/I1                                                                                                               |                1 |              4 |
|  okHI/iob_regs[31].regin0_0[0]                 |                                                                                                 | okHI/core0/core0/a0/lc12c7095b9bc056c60880aeb6055afb1                                                                                    |                2 |              6 |
|  okHI/iob_regs[31].regin0_0[0]                 |                                                                                                 | okHI/core0/core0/a0/cb0/U0/inst_fifo_gen/gconvfifo.rf/grf.rf/rstblk/ngwrdrst.grst.g7serrst.gnsckt_wrst.rst_wr_reg2_inst/arststages_ff[1] |                1 |              6 |
|  okHI/iob_regs[31].regin0_0[0]                 | wi1/ep_datahold[31]_i_1_n_0                                                                     |                                                                                                                                          |                1 |              6 |
|  clk_sys_BUFG                                  |                                                                                                 | adc7961_0_fifo/U0/inst_fifo_gen/gconvfifo.rf/grf.rf/rstblk/syncstages_ff_reg[0]                                                          |                3 |              8 |
|  okHI/iob_regs[31].regin0_0[0]                 |                                                                                                 | okHI/core0/core0/l40d74558a9789e6c998b44ab9d6b8ab8[5]_i_1_n_0                                                                            |                1 |              8 |
|  okHI/iob_regs[31].regin0_0[0]                 |                                                                                                 | okHI/core0/core0/ld307737e57d50d07f937891de086bf8e_i_1_n_0                                                                               |                1 |              8 |
|  clk_sys_BUFG                                  | top/data_converter_0/E[0]                                                                       | top/o_wb_cyc10_out                                                                                                                       |                1 |              8 |
|  okHI/iob_regs[31].regin0_0[0]                 | okHI/core0/core0/a0/p_0_in0                                                                     |                                                                                                                                          |                2 |              8 |
|  okHI/iob_regs[31].regin0_0[0]                 | okHI/core0/core0/a0/l90ce46b343647bab4d280b5afc506219                                           | okHI/core0/core0/a0/lc12c7095b9bc056c60880aeb6055afb1                                                                                    |                1 |              8 |
|  top/data_converter_0/cmd_word_reg[13]_i_2_n_0 |                                                                                                 |                                                                                                                                          |                2 |              8 |
|  okHI/iob_regs[31].regin0_0[0]                 | okHI/core0/core0/FSM_sequential_l8ff940a6bfc33211f22a7ff95e39fe60[3]_i_1_n_0                    |                                                                                                                                          |                2 |              8 |
|  okHI/iob_regs[31].regin0_0[0]                 | okHI/core0/core0/leeb76b405f165a9b4ab0606f3ea0b3c4[7]_i_1_n_0                                   |                                                                                                                                          |                1 |              8 |
|  okHI/iob_regs[31].regin0_0[0]                 | okHI/core0/core0/lb6baf4ff3bf7fd83f0e79fbcb46cd849                                              |                                                                                                                                          |                1 |              8 |
|  okHI/iob_regs[31].regin0_0[0]                 | okHI/core0/core0/l885bbeb94996347da66a8546671e4990[19]_i_1_n_0                                  |                                                                                                                                          |                1 |              8 |
|  adc_pll/inst/clk_out1                         | adc7961_1/sclk_cnt0                                                                             | adc7961_1/buffer_reset_s                                                                                                                 |                1 |             10 |
|  adc_pll/inst/clk_out1                         | adc7961_0/sclk_cnt0_0                                                                           | adc7961_0/buffer_reset_s                                                                                                                 |                1 |             10 |
|  okHI/iob_regs[31].regin0_0[0]                 |                                                                                                 | okHI/core0/core0/a0/pc0/I1                                                                                                               |                3 |             12 |
|  okHI/iob_regs[31].regin0_0[0]                 | trigIn40/eptrig[31]_i_1_n_0                                                                     |                                                                                                                                          |                3 |             12 |
|  okHI/iob_regs[31].regin0_0[0]                 | okHI/core0/core0/a0/d0/lfd4ae1d2a2f83cc540ba2af5c1891381                                        | okHI/okHC[38]                                                                                                                            |                2 |             12 |
|  okHI/iob_regs[31].regin0_0[0]                 | okHI/core0/core0/l6d7b501652de6ba8ba55082874707b2a[5]_i_1_n_0                                   | okHI/okHC[38]                                                                                                                            |                6 |             12 |
|  clk_sys_BUFG                                  | top/i_spi_top/clgen/E[0]                                                                        | top/o_wb_cyc10_out                                                                                                                       |                5 |             12 |
|  clk_sys_BUFG                                  | top/i_spi_top_0/clgen/E[0]                                                                      | top/o_wb_cyc10_out                                                                                                                       |                3 |             12 |
|  okHI/iob_regs[31].regin0_0[0]                 | wi2/ep_datahold[31]_i_1_n_0                                                                     |                                                                                                                                          |                4 |             14 |
|  okHI/iob_regs[31].regin0_0[0]                 | okHI/core0/core0/l92ae5a5037b0cc87c9562f3e505d14cf[6]_i_1_n_0                                   |                                                                                                                                          |                2 |             14 |
|  okHI/iob_regs[31].regin0_0[0]                 | okHI/core0/core0/l350d3a095faafcfcc80a82d9f84ae4e0[7]_i_1_n_0                                   |                                                                                                                                          |                4 |             16 |
|  okHI/iob_regs[31].regin0_0[0]                 | okHI/core0/core0/l885bbeb94996347da66a8546671e4990[15]_i_1_n_0                                  |                                                                                                                                          |                3 |             16 |
|  okHI/iob_regs[31].regin0_0[0]                 | okHI/core0/core0/l99ec1ebd2d898e73a64819e166db6b96[7]_i_1_n_0                                   |                                                                                                                                          |                2 |             16 |
|  okHI/iob_regs[31].regin0_0[0]                 | okHI/core0/core0/l885bbeb94996347da66a8546671e4990[7]_i_1_n_0                                   |                                                                                                                                          |                3 |             16 |
|  okHI/iob_regs[31].regin0_0[0]                 | okHI/core0/core0/lbe59f904be1e8440c2d6333521aaa29a[7]_i_1_n_0                                   |                                                                                                                                          |                2 |             16 |
|  okHI/iob_regs[31].regin0_0[0]                 | okHI/core0/core0/l9f43dc9d3787a4c1395542a254aee157[7]_i_1_n_0                                   |                                                                                                                                          |                5 |             16 |
|  okHI/iob_regs[31].regin0_0[0]                 | okHI/core0/core0/la3c64aadb28b65d3d578c9e403522ecb                                              | okHI/okHC[38]                                                                                                                            |                4 |             16 |
|  okHI/iob_regs[31].regin0_0[0]                 | okHI/core0/core0/lbe9e64305a7a66df6a9cf6dc987a1803[7]_i_1_n_0                                   |                                                                                                                                          |                4 |             16 |
|  okHI/iob_regs[31].regin0_0[0]                 | okHI/core0/core0/a0/l37dbd1aafb403530c46407234a8f7286                                           |                                                                                                                                          |                2 |             16 |
|  okHI/iob_regs[31].regin0_0[0]                 |                                                                                                 | okHI/core0/core0/a0/l770e51175fa898662b06f9e3b71c7bff[7]                                                                                 |                3 |             16 |
|  adc_pll/inst/clk_out1                         |                                                                                                 |                                                                                                                                          |                2 |             16 |
|  okHI/iob_regs[31].regin0_0[0]                 | okHI/mmcm0_locked                                                                               | okHI/core0/core0/l6f2981c23c5f98e0d9d0e1d5acd3307d[31]_i_1_n_0                                                                           |                4 |             20 |
|  okHI/iob_regs[31].regin0_0[0]                 | okHI/core0/core0/a0/cb0/U0/inst_fifo_gen/gconvfifo.rf/grf.rf/p_19_out                           | okHI/core0/core0/a0/cb0/U0/DEVICE_7SERIES.NO_BMM_INFO.SDP.WIDE_PRIM18.ram_i_3_n_0                                                        |                2 |             24 |
|  okHI/iob_regs[31].regin0_0[0]                 | okHI/core0/core0/a0/cb0/U0/inst_fifo_gen/gconvfifo.rf/grf.rf/p_8_out                            | okHI/core0/core0/a0/cb0/U0/DEVICE_7SERIES.NO_BMM_INFO.SDP.WIDE_PRIM18.ram_i_3_n_0                                                        |                3 |             24 |
|  okHI/iob_regs[31].regin0_0[0]                 | okHI/core0/core0/a0/pc0/t_state_0                                                               | okHI/core0/core0/a0/pc0/I1                                                                                                               |                3 |             24 |
|  clk_sys_BUFG                                  | top/Wishbone_Master/ctrl_reg[13][0]                                                             | top/o_wb_cyc10_out                                                                                                                       |                7 |             26 |
|  okHI/iob_regs[31].regin0_0[0]                 | okHI/core0/core0/a0/pc0/t_state_0                                                               |                                                                                                                                          |                2 |             32 |
|  okHI/iob_regs[31].regin0_0[0]                 | okHI/core0/core0/a0/pc0/spm_enable                                                              |                                                                                                                                          |                4 |             32 |
|  okHI/iob_regs[31].regin0_0[0]                 | top/FIFO/U0/inst_fifo_gen/gconvfifo.rf/grf.rf/gntv_or_sync_fifo.gl0.rd/gras.rsts/E[0]           | top/FIFO/U0/inst_fifo_gen/gconvfifo.rf/grf.rf/rstblk/SS[0]                                                                               |                4 |             32 |
|  okHI/iob_regs[31].regin0_0[0]                 | okHI/core0/core0/a0/pc0/register_enable                                                         |                                                                                                                                          |                2 |             32 |
|  clk_sys_BUFG                                  | top/Wishbone_Master/E[0]                                                                        | top/o_wb_cyc10_out                                                                                                                       |                3 |             32 |
|  okHI/iob_regs[31].regin0_0[0]                 | okHI/core0/core0/lfa89f4c19946cfeedd23723568de9e12                                              |                                                                                                                                          |                5 |             32 |
|  okHI/iob_regs[31].regin0_0[0]                 | okHI/core0/core0/l436c8acfce09b790a2efb624a7c06514[15]_i_1_n_0                                  |                                                                                                                                          |                3 |             32 |
|  okHI/iob_regs[31].regin0_0[0]                 | okHI/core0/core0/l4f8cd1ab062f5571ff66db47e3d281bf[19]_i_1_n_0                                  | okHI/core0/core0/a0/lc12c7095b9bc056c60880aeb6055afb1                                                                                    |                7 |             42 |
|  sclk_s_0                                      | adc7961_1/serial_buffer[15]_i_1__0_n_0                                                          | adc7961_1/buffer_reset_s                                                                                                                 |                6 |             42 |
|  sclk_s                                        | adc7961_0/sel                                                                                   | adc7961_0/buffer_reset_s                                                                                                                 |                7 |             42 |
|  okHI/iob_regs[31].regin0_0[0]                 | okHI/mmcm0_locked                                                                               |                                                                                                                                          |               12 |             48 |
|  okHI/iob_regs[31].regin0_0[0]                 | okHI/core0/core0/l84a7b0e1b51dfdd46f041d49e77ce017[23]_i_1_n_0                                  |                                                                                                                                          |               13 |             48 |
|  clk_sys_BUFG                                  | top/FIFO/U0/inst_fifo_gen/gconvfifo.rf/grf.rf/gntv_or_sync_fifo.gl0.wr/gwas.wsts/E[0]           | top/FIFO/U0/inst_fifo_gen/gconvfifo.rf/grf.rf/rstblk/syncstages_ff_reg[0]                                                                |                5 |             48 |
|  okHI/iob_regs[31].regin0_0[0]                 |                                                                                                 | okHI/okHC[38]                                                                                                                            |               16 |             54 |
|  okHI/iob_regs[31].regin0_0[0]                 | adc7961_1_fifo/U0/inst_fifo_gen/gconvfifo.rf/grf.rf/gntv_or_sync_fifo.gl0.rd/gras.rsts/p_8_out  | adc7961_1_fifo/U0/inst_fifo_gen/gconvfifo.rf/grf.rf/rstblk/rd_rst_busy                                                                   |                8 |             56 |
|  okHI/iob_regs[31].regin0_0[0]                 | adc7961_0_fifo/U0/inst_fifo_gen/gconvfifo.rf/grf.rf/gntv_or_sync_fifo.gl0.rd/gras.rsts/p_8_out  | adc7961_0_fifo/U0/inst_fifo_gen/gconvfifo.rf/grf.rf/rstblk/rd_rst_busy                                                                   |               10 |             56 |
|  clk_sys_BUFG                                  | top/CONVERT/o_wb_addr_reg[0]                                                                    |                                                                                                                                          |                8 |             60 |
|  okHI/iob_regs[31].regin0_0[0]                 | trigOut60/trighold[31]_i_1_n_0                                                                  |                                                                                                                                          |               15 |             64 |
|  okHI/iob_regs[31].regin0_0[0]                 | okHI/core0/core0/lab8c81cec3709c0416d0acf79f37f087[31]_i_2_n_0                                  | okHI/core0/core0/lab8c81cec3709c0416d0acf79f37f087[31]_i_1_n_0                                                                           |                5 |             64 |
|  okHI/iob_regs[31].regin0_0[0]                 | wi0/ep_datahold[31]_i_1_n_0                                                                     |                                                                                                                                          |                8 |             64 |
|  okHI/iob_regs[31].regin0_0[0]                 | okHI/core0/core0/le78b033d3a3b15350c4085b407bdacef[31]_i_1_n_0                                  |                                                                                                                                          |               17 |             64 |
|  okHI/iob_regs[31].regin0_0[0]                 | okHI/core0/core0/l0881048b06017db25aafb0dba883beb2[31]_i_2_n_0                                  | okHI/core0/core0/l0881048b06017db25aafb0dba883beb2[31]_i_1_n_0                                                                           |                9 |             64 |
|  clk_sys_BUFG                                  | top/wr_en                                                                                       | top/o_wb_cyc10_out                                                                                                                       |                5 |             64 |
|  cmd_word_reg[33]_i_2_n_0                      |                                                                                                 |                                                                                                                                          |               11 |             64 |
|  clk_sys_BUFG                                  |                                                                                                 | adc7961_0/adc_tcyc_cnt[0]_i_1_n_0                                                                                                        |               11 |             64 |
|  clk_sys_BUFG                                  |                                                                                                 | adc7961_1/adc_tcyc_cnt[0]_i_1__0_n_0                                                                                                     |               13 |             64 |
|  okHI/iob_regs[31].regin0_0[0]                 | okHI/core0/core0/la531863f270e103597e1d9609a1ccaa8[31]_i_2_n_0                                  | okHI/core0/core0/la531863f270e103597e1d9609a1ccaa8[31]_i_1_n_0                                                                           |                9 |             64 |
|  okHI/iob_regs[31].regin0_0[0]                 | okHI/core0/core0/l0c94b19b36beba84283b1c1a65aa73f3[0]_i_1_n_0                                   | okHI/core0/core0/a0/lc12c7095b9bc056c60880aeb6055afb1                                                                                    |                8 |             64 |
|  clk_sys_BUFG                                  | adc7961_1_fifo/U0/inst_fifo_gen/gconvfifo.rf/grf.rf/gntv_or_sync_fifo.gl0.wr/gwas.wsts/p_20_out | adc7961_1_fifo/U0/inst_fifo_gen/gconvfifo.rf/grf.rf/rstblk/syncstages_ff_reg[0]                                                          |               11 |             90 |
|  clk_sys_BUFG                                  | adc7961_0_fifo/U0/inst_fifo_gen/gconvfifo.rf/grf.rf/gntv_or_sync_fifo.gl0.wr/gwas.wsts/p_20_out | adc7961_0_fifo/U0/inst_fifo_gen/gconvfifo.rf/grf.rf/rstblk/syncstages_ff_reg[0]                                                          |               11 |             90 |
|  okHI/iob_regs[31].regin0_0[0]                 | okHI/core0/core0/a0/d0/le5e2e6110dd7478b8ed0143f21b04d30                                        | okHI/okHC[38]                                                                                                                            |               11 |            114 |
|  okHI/iob_regs[31].regin0_0[0]                 | okHI/core0/core0/la3961964bfb74e16d8f10c3007437f68[44]                                          |                                                                                                                                          |               31 |            150 |
|  clk_sys_BUFG                                  |                                                                                                 | top/o_wb_cyc10_out                                                                                                                       |               88 |            472 |
|  clk_sys_BUFG                                  |                                                                                                 |                                                                                                                                          |               70 |            522 |
|  okHI/iob_regs[31].regin0_0[0]                 |                                                                                                 |                                                                                                                                          |              136 |            778 |
+------------------------------------------------+-------------------------------------------------------------------------------------------------+------------------------------------------------------------------------------------------------------------------------------------------+------------------+----------------+


