#-----------------------------------------------------------
# Vivado v2018.2 (64-bit)
# SW Build 2258646 on Thu Jun 14 20:03:12 MDT 2018
# IP Build 2256618 on Thu Jun 14 22:10:49 MDT 2018
# Start of session at: Tue Feb 16 22:40:07 2021
# Process ID: 1772
# Current directory: C:/Users/iande/OneDrive - University of St. Thomas/Research SPI core files/fpga_XEM7310
# Command line: vivado.exe -gui_launcher_event rodinguilauncherevent12064 C:\Users\iande\OneDrive - University of St. Thomas\Research SPI core files\fpga_XEM7310\fpga_XEM7310.xpr
# Log file: C:/Users/iande/OneDrive - University of St. Thomas/Research SPI core files/fpga_XEM7310/vivado.log
# Journal file: C:/Users/iande/OneDrive - University of St. Thomas/Research SPI core files/fpga_XEM7310\vivado.jou
#-----------------------------------------------------------
start_gui
open_project {C:/Users/iande/OneDrive - University of St. Thomas/Research SPI core files/fpga_XEM7310/fpga_XEM7310.xpr}
import_files
launch_simulation
close_project
